// Jest Snapshot v1, https://goo.gl/fbAQLP

exports[`Drawer Component Renders Correctly 1`] = `
Array [
  <div
    className="sc-bdfBQB fYOROy"
    onClick={[Function]}
    open={false}
    tabIndex={-1}
  >
    <div
      className="sc-gsTEea gCzLUm"
      height="100%"
      onClick={[Function]}
      open={false}
      width="378px"
    >
      <div
        className="sc-dlfnuX kxBbVN"
      >
        <button
          aria-label="close"
          className="sc-hKgJUU haPkAg"
          onClick={[Function]}
        >
          <svg
            viewBox="0 0 490 490"
            xmlns="http://www.w3.org/2000/svg"
          >
            <path
              d="M456.851 0L245 212.564 33.149 0 .708 32.337l211.961 212.667L.708 457.678 33.149 490 245 277.443 456.851 490l32.441-32.322-211.961-212.674L489.292 32.337z"
            />
          </svg>
        </button>
        Drawer Header
      </div>
      <div
        className="sc-eCstlR dDYssu"
      >
        <div>
          Some contents...
        </div>
        <div>
           Some contents...
        </div>
        <div>
           Some contents...
        </div>
      </div>
      <div
        className="sc-jSgvzq WblV"
      >
        Drawer Footer
      </div>
    </div>
  </div>,
  <div
    className="sc-bdfBQB fYOROy"
    onClick={[Function]}
    open={false}
    tabIndex={-1}
  >
    <div
      className="sc-gsTEea gFHkhO"
      height="100%"
      onClick={[Function]}
      open={false}
      width="378px"
    >
      <div
        className="sc-dlfnuX kxBbVN"
      >
        Drawer Header
      </div>
      <div
        className="sc-eCstlR dDYssu"
      >
        <div>
          Some contents...
        </div>
        <div>
           Some contents...
        </div>
        <div>
           Some contents...
        </div>
      </div>
      <div
        className="sc-jSgvzq WblV"
      >
        Drawer Footer
      </div>
    </div>
  </div>,
  <div
    className="sc-bdfBQB fYOROy"
    onClick={[Function]}
    open={false}
    tabIndex={-1}
  >
    <div
      className="sc-gsTEea igEWIm"
      height="378px"
      onClick={[Function]}
      open={false}
      width="100%"
    >
      <div
        className="sc-dlfnuX kxBbVN"
      >
        <button
          aria-label="close"
          className="sc-hKgJUU haPkAg"
          onClick={[Function]}
        >
          <svg
            viewBox="0 0 490 490"
            xmlns="http://www.w3.org/2000/svg"
          >
            <path
              d="M456.851 0L245 212.564 33.149 0 .708 32.337l211.961 212.667L.708 457.678 33.149 490 245 277.443 456.851 490l32.441-32.322-211.961-212.674L489.292 32.337z"
            />
          </svg>
        </button>
        ­
      </div>
      <div
        className="sc-eCstlR dDYssu"
      >
        <div>
          Some contents...
        </div>
        <div>
           Some contents...
        </div>
        <div>
           Some contents...
        </div>
      </div>
    </div>
  </div>,
  <div
    className="sc-bdfBQB fYOROy"
    onClick={[Function]}
    open={false}
    tabIndex={-1}
  >
    <div
      className="sc-gsTEea cSeZmA"
      height="736px"
      onClick={[Function]}
      open={false}
      width="100%"
    >
      <div
        className="sc-dlfnuX kxBbVN"
      >
        <button
          aria-label="close"
          className="sc-hKgJUU haPkAg"
          onClick={[Function]}
        >
          X
        </button>
        ­
      </div>
      <div
        className="sc-eCstlR dDYssu"
      >
        <div>
          Some contents...
        </div>
        <div>
           Some contents...
        </div>
        <div>
           Some contents...
        </div>
      </div>
    </div>
  </div>,
]
`;
