// Jest Snapshot v1, https://goo.gl/fbAQLP

exports[`ProgressBar Component Renders Correctly 1`] = `
Array [
  <div
    className="sc-gsTEea dYAXdu"
  >
    <div
      className="sc-bdfBQB gxZpio"
      type="danger"
      width={80}
    >
      <div
        style={
          Object {
            "alignItems": "center",
            "display": "flex",
            "height": "100%",
            "justifyContent": "center",
          }
        }
      >
        <span
          className="sc-dlfnuX eNxsCi"
          type="danger"
        >
          80
          % 
        </span>
      </div>
    </div>
  </div>,
  <div
    className="sc-gsTEea dYAXdu"
  >
    <div
      className="sc-bdfBQB ibDUNn"
      type="success"
      width={60}
    />
  </div>,
  <div
    className="sc-gsTEea dYAXdu"
  >
    <div
      className="sc-bdfBQB ezkAWj"
      type="primary"
      width={40}
    >
      <div
        style={
          Object {
            "alignItems": "center",
            "display": "flex",
            "height": "100%",
            "justifyContent": "center",
          }
        }
      >
        <span
          className="sc-dlfnuX eNxsCi"
          type="primary"
        >
          40
          % 
        </span>
      </div>
    </div>
  </div>,
  <div
    className="sc-gsTEea dYAXdu"
  >
    <div
      className="sc-bdfBQB cVFWwR"
      type="primary"
      width={20}
    >
      <div
        style={
          Object {
            "alignItems": "center",
            "display": "flex",
            "height": "100%",
            "justifyContent": "center",
          }
        }
      >
        <span
          className="sc-dlfnuX eNxsCi"
          type="primary"
        >
          20
          % 
        </span>
      </div>
    </div>
  </div>,
  <div
    className="sc-gsTEea dYAXdu"
  >
    <div
      className="sc-bdfBQB hzzFmi"
      type="primary"
      width={30}
    >
      <div
        style={
          Object {
            "alignItems": "center",
            "display": "flex",
            "height": "100%",
            "justifyContent": "center",
          }
        }
      >
        <span
          className="sc-dlfnuX eNxsCi"
          type="primary"
        >
          30
          % 
        </span>
      </div>
    </div>
  </div>,
  <div
    className="sc-gsTEea dYAXdu"
  >
    <div
      className="sc-bdfBQB kSFVlq"
      type="primary"
      width={40}
    >
      <div
        style={
          Object {
            "alignItems": "center",
            "display": "flex",
            "height": "100%",
            "justifyContent": "center",
          }
        }
      >
        <span
          className="sc-dlfnuX eNxsCi"
          type="primary"
        >
          40
          % 
        </span>
      </div>
    </div>
  </div>,
  <div
    className="sc-gsTEea dYAXdu"
  >
    <div
      className="sc-bdfBQB jYaUQp"
      type="primary"
      width={50}
    >
      <div
        style={
          Object {
            "alignItems": "center",
            "display": "flex",
            "height": "100%",
            "justifyContent": "center",
          }
        }
      >
        <span
          className="sc-dlfnuX eNxsCi"
          type="primary"
        >
          50
          % 
        </span>
      </div>
    </div>
  </div>,
]
`;
